// Jest Snapshot v1, https://goo.gl/fbAQLP

exports[`TreeSelect.multiple can hide search box by showSearch = false 1`] = `
<div
  class="rc-tree-select rc-tree-select-multiple"
>
  <div
    class="rc-tree-select-selector"
  >
    <span
      class="rc-tree-select-selection-search"
      style="width: 0px;"
    >
      <input
        aria-activedescendant="rc_select_TEST_OR_SSR_list_0"
        aria-autocomplete="list"
        aria-controls="rc_select_TEST_OR_SSR_list"
        aria-haspopup="listbox"
        aria-owns="rc_select_TEST_OR_SSR_list"
        autocomplete="off"
        class="rc-tree-select-selection-search-input"
        id="rc_select_TEST_OR_SSR"
        role="combobox"
        style="opacity: 0;"
        value=""
      />
      <span
        aria-hidden="true"
        class="rc-tree-select-selection-search-mirror"
      >
        Â 
      </span>
    </span>
    <span
      class="rc-tree-select-selection-placeholder"
    />
  </div>
</div>
`;
